Processing esp32doit-devkit-v1 (platform: espressif32; board: esp32doit-devkit-v1; framework: arduino; lib_deps: mikem/RadioHead @ ^1.120; monitor_speed: 115200)
--------------------------------------------------------------------------------
CONFIGURATION: https://docs.platformio.org/page/boards/espressif32/esp32doit-devkit-v1.html
PLATFORM: Espressif 32 (6.10.0) > DOIT ESP32 DEVKIT V1
HARDWARE: ESP32 240MHz, 320KB RAM, 4MB Flash
DEBUG: Current (cmsis-dap) External (cmsis-dap, esp-bridge, esp-prog, iot-bus-jtag, jlink, minimodule, olimex-arm-usb-ocd, olimex-arm-usb-ocd-h, olimex-arm-usb-tiny-h, olimex-jtag-tiny, tumpa)
PACKAGES: 
 - framework-arduinoespressif32 @ 3.20017.241212+sha.dcc1105b 
 - tool-esptoolpy @ 1.40501.0 (4.5.1) 
 - toolchain-xtensa-esp32 @ 8.4.0+2021r2-patch5
LDF: Library Dependency Finder -> https://bit.ly/configure-pio-ldf
LDF Modes: Finder ~ chain, Compatibility ~ soft
Found 34 compatible libraries
Scanning dependencies...
Dependency Graph
|-- RadioHead @ 1.120.0 (License: Unknown, Path: C:\Users\Peter\Documents\PlatformIO\Projects\ALARM_RFM69HCW\.pio\libdeps\esp32doit-devkit-v1\RadioHead)
|   |-- SPI @ 2.0.0 (License: Unknown, Path: C:\Users\Peter\.platformio\packages\framework-arduinoespressif32\libraries\SPI)
|-- SPI @ 2.0.0 (License: Unknown, Path: C:\Users\Peter\.platformio\packages\framework-arduinoespressif32\libraries\SPI)
Building in release mode
Using tempfile C:\Users\Peter\Documents\PlatformIO\Projects\ALARM_RFM69HCW\.pio\build\esp32doit-devkit-v1\tmp_ye74wre.tmp for command line:
xtensa-esp32-elf-g++ -o .pio/build/esp32doit-devkit-v1/FrameworkArduino/main.cpp.o -c -Wno-frame-address -std=gnu++11 -fexceptions -fno-rtti -Os -mlongcalls -ffunction-sections -fdata-sections -Wno-error=unused-function -Wno-error=unused-variable -Wno-error=deprecated-declarations -Wno-unused-parameter -Wno-sign-compare -ggdb -freorder-blocks -Wwrite-strings -fstack-protector -fstrict-volatile-bitfields -Wno-error=unused-but-set-variable -fno-jump-tables -fno-tree-switch-conversion -MMD -DPLATFORMIO=60119 -DARDUINO_ESP32_DEV -DHAVE_CONFIG_H -DMBEDTLS_CONFIG_FILE=\"mbedtls/esp_config.h\" -DUNITY_INCLUDE_CONFIG_H -DWITH_POSIX -D_GNU_SOURCE -DIDF_VER=\"v4.4.7-dirty\" -DESP_PLATFORM -D_POSIX_READER_WRITER_LOCKS -DARDUINO_ARCH_ESP32 -DESP32 -DF_CPU=240000000L -DARDUINO=10812 -DARDUINO_VARIANT=\"doitESP32devkitV1\" "-DARDUINO_BOARD=\"DOIT ESP32 DEVKIT V1\"" -DARDUINO_PARTITION_default -DARDUINO_CORE_BUILD -IC:/Users/Peter/.platformio/packages/framework-arduinoespressif32/tools/sdk/esp32/include/newlib/platform_include -IC:/Users/Peter/.platformio/packages/framework-arduinoespressif32/tools/sdk/esp32/include/freertos/include -IC:/Users/Peter/.platformio/packages/framework-arduinoespressif32/tools/sdk/esp32/include/freertos/include/esp_additions/freertos -IC:/Users/Peter/.platformio/packages/framework-arduinoespressif32/tools/sdk/esp32/include/freertos/port/xtensa/include -IC:/Users/Peter/.platformio/packages/framework-arduinoespressif32/tools/sdk/esp32/include/freertos/include/esp_additions -IC:/Users/Peter/.platformio/packages/framework-arduinoespressif32/tools/sdk/esp32/include/esp_hw_support/include -IC:/Users/Peter/.platformio/packages/framework-arduinoespressif32/tools/sdk/esp32/include/esp_hw_support/include/soc -IC:/Users/Peter/.platformio/packages/framework-arduinoespressif32/tools/sdk/esp32/include/esp_hw_support/include/soc/esp32 -IC:/Users/Peter/.platformio/packages/framework-arduinoespressif32/tools/sdk/esp32/include/esp_hw_support/port/esp32 -IC:/Users/Peter/.platformio/packages/framework-arduinoespressif32/tools/sdk/esp32/include/esp_hw_support/port/esp32/private_include -IC:/Users/Peter/.platformio/packages/framework-arduinoespressif32/tools/sdk/esp32/include/heap/include -IC:/Users/Peter/.platformio/packages/framework-arduinoespressif32/tools/sdk/esp32/include/log/include -IC:/Users/Peter/.platformio/packages/framework-arduinoespressif32/tools/sdk/esp32/include/lwip/include/apps -IC:/Users/Peter/.platformio/packages/framework-arduinoespressif32/tools/sdk/esp32/include/lwip/include/apps/sntp -IC:/Users/Peter/.platformio/packages/framework-arduinoespressif32/tools/sdk/esp32/include/lwip/lwip/src/include -IC:/Users/Peter/.platformio/packages/framework-arduinoespressif32/tools/sdk/esp32/include/lwip/port/esp32/include -IC:/Users/Peter/.platformio/packages/framework-arduinoespressif32/tools/sdk/esp32/include/lwip/port/esp32/include/arch -IC:/Users/Peter/.platformio/packages/framework-arduinoespressif32/tools/sdk/esp32/include/soc/include -IC:/Users/Peter/.platformio/packages/framework-arduinoespressif32/tools/sdk/esp32/include/soc/esp32 -IC:/Users/Peter/.platformio/packages/framework-arduinoespressif32/tools/sdk/esp32/include/soc/esp32/include -IC:/Users/Peter/.platformio/packages/framework-arduinoespressif32/tools/sdk/esp32/include/hal/esp32/include -IC:/Users/Peter/.platformio/packages/framework-arduinoespressif32/tools/sdk/esp32/include/hal/include -IC:/Users/Peter/.platformio/packages/framework-arduinoespressif32/tools/sdk/esp32/include/hal/platform_port/include -IC:/Users/Peter/.platformio/packages/framework-arduinoespressif32/tools/sdk/esp32/include/esp_rom/include -IC:/Users/Peter/.platformio/packages/framework-arduinoespressif32/tools/sdk/esp32/include/esp_rom/include/esp32 -IC:/Users/Peter/.platformio/packages/framework-arduinoespressif32/tools/sdk/esp32/include/esp_rom/esp32 -IC:/Users/Peter/.platformio/packages/framework-arduinoespressif32/tools/sdk/esp32/include/esp_common/include -IC:/Users/Peter/.platformio/packages/framework-arduinoespressif32/tools/sdk/esp32/include/esp_system/include -IC:/Users/Peter/.platformio/packages/framework-arduinoespressif32/tools/sdk/esp32/include/esp_system/port/soc -IC:/Users/Peter/.platformio/packages/framework-arduinoespressif32/tools/sdk/esp32/include/esp_system/port/public_compat -IC:/Users/Peter/.platformio/packages/framework-arduinoespressif32/tools/sdk/esp32/include/esp32/include -IC:/Users/Peter/.platformio/packages/framework-arduinoespressif32/tools/sdk/esp32/include/xtensa/include -IC:/Users/Peter/.platformio/packages/framework-arduinoespressif32/tools/sdk/esp32/include/xtensa/esp32/include -IC:/Users/Peter/.platformio/packages/framework-arduinoespressif32/tools/sdk/esp32/include/driver/include -IC:/Users/Peter/.platformio/packages/framework-arduinoespressif32/tools/sdk/esp32/include/driver/esp32/include -IC:/Users/Peter/.platformio/packages/framework-arduinoespressif32/tools/sdk/esp32/include/esp_pm/include -IC:/Users/Peter/.platformio/packages/framework-arduinoespressif32/tools/sdk/esp32/include/esp_ringbuf/include -IC:/Users/Peter/.platformio/packages/framework-arduinoespressif32/tools/sdk/esp32/include/efuse/include -IC:/Users/Peter/.platformio/packages/framework-arduinoespressif32/tools/sdk/esp32/include/efuse/esp32/include -IC:/Users/Peter/.platformio/packages/framework-arduinoespressif32/tools/sdk/esp32/include/vfs/include -IC:/Users/Peter/.platformio/packages/framework-arduinoespressif32/tools/sdk/esp32/include/esp_wifi/include -IC:/Users/Peter/.platformio/packages/framework-arduinoespressif32/tools/sdk/esp32/include/esp_event/include -IC:/Users/Peter/.platformio/packages/framework-arduinoespressif32/tools/sdk/esp32/include/esp_netif/include -IC:/Users/Peter/.platformio/packages/framework-arduinoespressif32/tools/sdk/esp32/include/esp_eth/include -IC:/Users/Peter/.platformio/packages/framework-arduinoespressif32/tools/sdk/esp32/include/tcpip_adapter/include -IC:/Users/Peter/.platformio/packages/framework-arduinoespressif32/tools/sdk/esp32/include/esp_phy/include -IC:/Users/Peter/.platformio/packages/framework-arduinoespressif32/tools/sdk/esp32/include/esp_phy/esp32/include -IC:/Users/Peter/.platformio/packages/framework-arduinoespressif32/tools/sdk/esp32/include/esp_ipc/include -IC:/Users/Peter/.platformio/packages/framework-arduinoespressif32/tools/sdk/esp32/include/app_trace/include -IC:/Users/Peter/.platformio/packages/framework-arduinoespressif32/tools/sdk/esp32/include/esp_timer/include -IC:/Users/Peter/.platformio/packages/framework-arduinoespressif32/tools/sdk/esp32/include/mbedtls/port/include -IC:/Users/Peter/.platformio/packages/framework-arduinoespressif32/tools/sdk/esp32/include/mbedtls/mbedtls/include -IC:/Users/Peter/.platformio/packages/framework-arduinoespressif32/tools/sdk/esp32/include/mbedtls/esp_crt_bundle/include -IC:/Users/Peter/.platformio/packages/framework-arduinoespressif32/tools/sdk/esp32/include/app_update/include -IC:/Users/Peter/.platformio/packages/framework-arduinoespressif32/tools/sdk/esp32/include/spi_flash/include -IC:/Users/Peter/.platformio/packages/framework-arduinoespressif32/tools/sdk/esp32/include/bootloader_support/include -IC:/Users/Peter/.platformio/packages/framework-arduinoespressif32/tools/sdk/esp32/include/nvs_flash/include -IC:/Users/Peter/.platformio/packages/framework-arduinoespressif32/tools/sdk/esp32/include/pthread/include -IC:/Users/Peter/.platformio/packages/framework-arduinoespressif32/tools/sdk/esp32/include/esp_gdbstub/include -IC:/Users/Peter/.platformio/packages/framework-arduinoespressif32/tools/sdk/esp32/include/esp_gdbstub/xtensa -IC:/Users/Peter/.platformio/packages/framework-arduinoespressif32/tools/sdk/esp32/include/esp_gdbstub/esp32 -IC:/Users/Peter/.platformio/packages/framework-arduinoespressif32/tools/sdk/esp32/include/espcoredump/include -IC:/Users/Peter/.platformio/packages/framework-arduinoespressif32/tools/sdk/esp32/include/espcoredump/include/port/xtensa -IC:/Users/Peter/.platformio/packages/framework-arduinoespressif32/tools/sdk/esp32/include/wpa_supplicant/include -IC:/Users/Peter/.platformio/packages/framework-arduinoespressif32/tools/sdk/esp32/include/wpa_supplicant/port/include -IC:/Users/Peter/.platformio/packages/framework-arduinoespressif32/tools/sdk/esp32/include/wpa_supplicant/esp_supplicant/include -IC:/Users/Peter/.platformio/packages/framework-arduinoespressif32/tools/sdk/esp32/include/ieee802154/include -IC:/Users/Peter/.platformio/packages/framework-arduinoespressif32/tools/sdk/esp32/include/console -IC:/Users/Peter/.platformio/packages/framework-arduinoespressif32/tools/sdk/esp32/include/asio/asio/asio/include -IC:/Users/Peter/.platformio/packages/framework-arduinoespressif32/tools/sdk/esp32/include/asio/port/include -IC:/Users/Peter/.platformio/packages/framework-arduinoespressif32/tools/sdk/esp32/include/bt/common/osi/include -IC:/Users/Peter/.platformio/packages/framework-arduinoespressif32/tools/sdk/esp32/include/bt/include/esp32/include -IC:/Users/Peter/.platformio/packages/framework-arduinoespressif32/tools/sdk/esp32/include/bt/common/api/include/api -IC:/Users/Peter/.platformio/packages/framework-arduinoespressif32/tools/sdk/esp32/include/bt/common/btc/profile/esp/blufi/include -IC:/Users/Peter/.platformio/packages/framework-arduinoespressif32/tools/sdk/esp32/include/bt/common/btc/profile/esp/include -IC:/Users/Peter/.platformio/packages/framework-arduinoespressif32/tools/sdk/esp32/include/bt/host/bluedroid/api/include/api -IC:/Users/Peter/.platformio/packages/framework-arduinoespressif32/tools/sdk/esp32/include/bt/esp_ble_mesh/mesh_common/include -IC:/Users/Peter/.platformio/packages/framework-arduinoespressif32/tools/sdk/esp32/include/bt/esp_ble_mesh/mesh_common/tinycrypt/include -IC:/Users/Peter/.platformio/packages/framework-arduinoespressif32/tools/sdk/esp32/include/bt/esp_ble_mesh/mesh_core -IC:/Users/Peter/.platformio/packages/framework-arduinoespressif32/tools/sdk/esp32/include/bt/esp_ble_mesh/mesh_core/include -IC:/Users/Peter/.platformio/packages/framework-arduinoespressif32/tools/sdk/esp32/include/bt/esp_ble_mesh/mesh_core/storage -IC:/Users/Peter/.platformio/packages/framework-arduinoespressif32/tools/sdk/esp32/include/bt/esp_ble_mesh/btc/include -IC:/Users/Peter/.platformio/packages/framework-arduinoespressif32/tools/sdk/esp32/include/bt/esp_ble_mesh/mesh_models/common/include -IC:/Users/Peter/.platformio/packages/framework-arduinoespressif32/tools/sdk/esp32/include/bt/esp_ble_mesh/mesh_models/client/include -IC:/Users/Peter/.platformio/packages/framework-arduinoespressif32/tools/sdk/esp32/include/bt/esp_ble_mesh/mesh_models/server/include -IC:/Users/Peter/.platformio/packages/framework-arduinoespressif32/tools/sdk/esp32/include/bt/esp_ble_mesh/api/core/include -IC:/Users/Peter/.platformio/packages/framework-arduinoespressif32/tools/sdk/esp32/include/bt/esp_ble_mesh/api/models/include -IC:/Users/Peter/.platformio/packages/framework-arduinoespressif32/tools/sdk/esp32/include/bt/esp_ble_mesh/api -IC:/Users/Peter/.platformio/packages/framework-arduinoespressif32/tools/sdk/esp32/include/cbor/port/include -IC:/Users/Peter/.platformio/packages/framework-arduinoespressif32/tools/sdk/esp32/include/unity/include -IC:/Users/Peter/.platformio/packages/framework-arduinoespressif32/tools/sdk/esp32/include/unity/unity/src -IC:/Users/Peter/.platformio/packages/framework-arduinoespressif32/tools/sdk/esp32/include/cmock/CMock/src -IC:/Users/Peter/.platformio/packages/framework-arduinoespressif32/tools/sdk/esp32/include/coap/port/include -IC:/Users/Peter/.platformio/packages/framework-arduinoespressif32/tools/sdk/esp32/include/coap/libcoap/include -IC:/Users/Peter/.platformio/packages/framework-arduinoespressif32/tools/sdk/esp32/include/nghttp/port/include -IC:/Users/Peter/.platformio/packages/framework-arduinoespressif32/tools/sdk/esp32/include/nghttp/nghttp2/lib/includes -IC:/Users/Peter/.platformio/packages/framework-arduinoespressif32/tools/sdk/esp32/include/esp-tls -IC:/Users/Peter/.platformio/packages/framework-arduinoespressif32/tools/sdk/esp32/include/esp-tls/esp-tls-crypto -IC:/Users/Peter/.platformio/packages/framework-arduinoespressif32/tools/sdk/esp32/include/esp_adc_cal/include -IC:/Users/Peter/.platformio/packages/framework-arduinoespressif32/tools/sdk/esp32/include/esp_hid/include -IC:/Users/Peter/.platformio/packages/framework-arduinoespressif32/tools/sdk/esp32/include/tcp_transport/include -IC:/Users/Peter/.platformio/packages/framework-arduinoespressif32/tools/sdk/esp32/include/esp_http_client/include -IC:/Users/Peter/.platformio/packages/framework-arduinoespressif32/tools/sdk/esp32/include/esp_http_server/include -IC:/Users/Peter/.platformio/packages/framework-arduinoespressif32/tools/sdk/esp32/include/esp_https_ota/include -IC:/Users/Peter/.platformio/packages/framework-arduinoespressif32/tools/sdk/esp32/include/esp_https_server/include -IC:/Users/Peter/.platformio/packages/framework-arduinoespressif32/tools/sdk/esp32/include/esp_lcd/include -IC:/Users/Peter/.platformio/packages/framework-arduinoespressif32/tools/sdk/esp32/include/esp_lcd/interface -IC:/Users/Peter/.platformio/packages/framework-arduinoespressif32/tools/sdk/esp32/include/protobuf-c/protobuf-c -IC:/Users/Peter/.platformio/packages/framework-arduinoespressif32/tools/sdk/esp32/include/protocomm/include/common -IC:/Users/Peter/.platformio/packages/framework-arduinoespressif32/tools/sdk/esp32/include/protocomm/include/security -IC:/Users/Peter/.platformio/packages/framework-arduinoespressif32/tools/sdk/esp32/include/protocomm/include/transports -IC:/Users/Peter/.platformio/packages/framework-arduinoespressif32/tools/sdk/esp32/include/mdns/include -IC:/Users/Peter/.platformio/packages/framework-arduinoespressif32/tools/sdk/esp32/include/esp_local_ctrl/include -IC:/Users/Peter/.platformio/packages/framework-arduinoespressif32/tools/sdk/esp32/include/sdmmc/include -IC:/Users/Peter/.platformio/packages/framework-arduinoespressif32/tools/sdk/esp32/include/esp_serial_slave_link/include -IC:/Users/Peter/.platformio/packages/framework-arduinoespressif32/tools/sdk/esp32/include/esp_websocket_client/include -IC:/Users/Peter/.platformio/packages/framework-arduinoespressif32/tools/sdk/esp32/include/expat/expat/expat/lib -IC:/Users/Peter/.platformio/packages/framework-arduinoespressif32/tools/sdk/esp32/include/expat/port/include -IC:/Users/Peter/.platformio/packages/framework-arduinoespressif32/tools/sdk/esp32/include/wear_levelling/include -IC:/Users/Peter/.platformio/packages/framework-arduinoespressif32/tools/sdk/esp32/include/fatfs/diskio -IC:/Users/Peter/.platformio/packages/framework-arduinoespressif32/tools/sdk/esp32/include/fatfs/vfs -IC:/Users/Peter/.platformio/packages/framework-arduinoespressif32/tools/sdk/esp32/include/fatfs/src -IC:/Users/Peter/.platformio/packages/framework-arduinoespressif32/tools/sdk/esp32/include/freemodbus/freemodbus/common/include -IC:/Users/Peter/.platformio/packages/framework-arduinoespressif32/tools/sdk/esp32/include/idf_test/include -IC:/Users/Peter/.platformio/packages/framework-arduinoespressif32/tools/sdk/esp32/include/idf_test/include/esp32 -IC:/Users/Peter/.platformio/packages/framework-arduinoespressif32/tools/sdk/esp32/include/jsmn/include -IC:/Users/Peter/.platformio/packages/framework-arduinoespressif32/tools/sdk/esp32/include/json/cJSON -IC:/Users/Peter/.platformio/packages/framework-arduinoespressif32/tools/sdk/esp32/include/libsodium/libsodium/src/libsodium/include -IC:/Users/Peter/.platformio/packages/framework-arduinoespressif32/tools/sdk/esp32/include/libsodium/port_include -IC:/Users/Peter/.platformio/packages/framework-arduinoespressif32/tools/sdk/esp32/include/mqtt/esp-mqtt/include -IC:/Users/Peter/.platformio/packages/framework-arduinoespressif32/tools/sdk/esp32/include/openssl/include -IC:/Users/Peter/.platformio/packages/framework-arduinoespressif32/tools/sdk/esp32/include/perfmon/include -IC:/Users/Peter/.platformio/packages/framework-arduinoespressif32/tools/sdk/esp32/include/spiffs/include -IC:/Users/Peter/.platformio/packages/framework-arduinoespressif32/tools/sdk/esp32/include/ulp/include -IC:/Users/Peter/.platformio/packages/framework-arduinoespressif32/tools/sdk/esp32/include/wifi_provisioning/include -IC:/Users/Peter/.platformio/packages/framework-arduinoespressif32/tools/sdk/esp32/include/rmaker_common/include -IC:/Users/Peter/.platformio/packages/framework-arduinoespressif32/tools/sdk/esp32/include/esp_diagnostics/include -IC:/Users/Peter/.platformio/packages/framework-arduinoespressif32/tools/sdk/esp32/include/rtc_store/include -IC:/Users/Peter/.platformio/packages/framework-arduinoespressif32/tools/sdk/esp32/include/esp_insights/include -IC:/Users/Peter/.platformio/packages/framework-arduinoespressif32/tools/sdk/esp32/include/json_parser/upstream/include -IC:/Users/Peter/.platformio/packages/framework-arduinoespressif32/tools/sdk/esp32/include/json_parser/upstream -IC:/Users/Peter/.platformio/packages/framework-arduinoespressif32/tools/sdk/esp32/include/json_generator/upstream -IC:/Users/Peter/.platformio/packages/framework-arduinoespressif32/tools/sdk/esp32/include/esp_schedule/include -IC:/Users/Peter/.platformio/packages/framework-arduinoespressif32/tools/sdk/esp32/include/espressif__esp_secure_cert_mgr/include -IC:/Users/Peter/.platformio/packages/framework-arduinoespressif32/tools/sdk/esp32/include/esp_rainmaker/include -IC:/Users/Peter/.platformio/packages/framework-arduinoespressif32/tools/sdk/esp32/include/gpio_button/button/include -IC:/Users/Peter/.platformio/packages/framework-arduinoespressif32/tools/sdk/esp32/include/qrcode/include -IC:/Users/Peter/.platformio/packages/framework-arduinoespressif32/tools/sdk/esp32/include/ws2812_led -IC:/Users/Peter/.platformio/packages/framework-arduinoespressif32/tools/sdk/esp32/include/esp_littlefs/include -IC:/Users/Peter/.platformio/packages/framework-arduinoespressif32/tools/sdk/esp32/include/esp-dl/include -IC:/Users/Peter/.platformio/packages/framework-arduinoespressif32/tools/sdk/esp32/include/esp-dl/include/tool -IC:/Users/Peter/.platformio/packages/framework-arduinoespressif32/tools/sdk/esp32/include/esp-dl/include/typedef -IC:/Users/Peter/.platformio/packages/framework-arduinoespressif32/tools/sdk/esp32/include/esp-dl/include/image -IC:/Users/Peter/.platformio/packages/framework-arduinoespressif32/tools/sdk/esp32/include/esp-dl/include/math -IC:/Users/Peter/.platformio/packages/framework-arduinoespressif32/tools/sdk/esp32/include/esp-dl/include/nn -IC:/Users/Peter/.platformio/packages/framework-arduinoespressif32/tools/sdk/esp32/include/esp-dl/include/layer -IC:/Users/Peter/.platformio/packages/framework-arduinoespressif32/tools/sdk/esp32/include/esp-dl/include/detect -IC:/Users/Peter/.platformio/packages/framework-arduinoespressif32/tools/sdk/esp32/include/esp-dl/include/model_zoo -IC:/Users/Peter/.platformio/packages/framework-arduinoespressif32/tools/sdk/esp32/include/esp32-camera/driver/include -IC:/Users/Peter/.platformio/packages/framework-arduinoespressif32/tools/sdk/esp32/include/esp32-camera/conversions/include -IC:/Users/Peter/.platformio/packages/framework-arduinoespressif32/tools/sdk/esp32/include/espressif__esp-dsp/modules/dotprod/include -IC:/Users/Peter/.platformio/packages/framework-arduinoespressif32/tools/sdk/esp32/include/espressif__esp-dsp/modules/support/include -IC:/Users/Peter/.platformio/packages/framework-arduinoespressif32/tools/sdk/esp32/include/espressif__esp-dsp/modules/support/mem/include -IC:/Users/Peter/.platformio/packages/framework-arduinoespressif32/tools/sdk/esp32/include/espressif__esp-dsp/modules/windows/include -IC:/Users/Peter/.platformio/packages/framework-arduinoespressif32/tools/sdk/esp32/include/espressif__esp-dsp/modules/windows/hann/include -IC:/Users/Peter/.platformio/packages/framework-arduinoespressif32/tools/sdk/esp32/include/espressif__esp-dsp/modules/windows/blackman/include -IC:/Users/Peter/.platformio/packages/framework-arduinoespressif32/tools/sdk/esp32/include/espressif__esp-dsp/modules/windows/blackman_harris/include -IC:/Users/Peter/.platformio/packages/framework-arduinoespressif32/tools/sdk/esp32/include/espressif__esp-dsp/modules/windows/blackman_nuttall/include -IC:/Users/Peter/.platformio/packages/framework-arduinoespressif32/tools/sdk/esp32/include/espressif__esp-dsp/modules/windows/nuttall/include -IC:/Users/Peter/.platformio/packages/framework-arduinoespressif32/tools/sdk/esp32/include/espressif__esp-dsp/modules/windows/flat_top/include -IC:/Users/Peter/.platformio/packages/framework-arduinoespressif32/tools/sdk/esp32/include/espressif__esp-dsp/modules/iir/include -IC:/Users/Peter/.platformio/packages/framework-arduinoespressif32/tools/sdk/esp32/include/espressif__esp-dsp/modules/fir/include -IC:/Users/Peter/.platformio/packages/framework-arduinoespressif32/tools/sdk/esp32/include/espressif__esp-dsp/modules/math/include -IC:/Users/Peter/.platformio/packages/framework-arduinoespressif32/tools/sdk/esp32/include/espressif__esp-dsp/modules/math/add/include -IC:/Users/Peter/.platformio/packages/framework-arduinoespressif32/tools/sdk/esp32/include/espressif__esp-dsp/modules/math/sub/include -IC:/Users/Peter/.platformio/packages/framework-arduinoespressif32/tools/sdk/esp32/include/espressif__esp-dsp/modules/math/mul/include -IC:/Users/Peter/.platformio/packages/framework-arduinoespressif32/tools/sdk/esp32/include/espressif__esp-dsp/modules/math/addc/include -IC:/Users/Peter/.platformio/packages/framework-arduinoespressif32/tools/sdk/esp32/include/espressif__esp-dsp/modules/math/mulc/include -IC:/Users/Peter/.platformio/packages/framework-arduinoespressif32/tools/sdk/esp32/include/espressif__esp-dsp/modules/math/sqrt/include -IC:/Users/Peter/.platformio/packages/framework-arduinoespressif32/tools/sdk/esp32/include/espressif__esp-dsp/modules/matrix/mul/include -IC:/Users/Peter/.platformio/packages/framework-arduinoespressif32/tools/sdk/esp32/include/espressif__esp-dsp/modules/matrix/add/include -IC:/Users/Peter/.platformio/packages/framework-arduinoespressif32/tools/sdk/esp32/include/espressif__esp-dsp/modules/matrix/addc/include -IC:/Users/Peter/.platformio/packages/framework-arduinoespressif32/tools/sdk/esp32/include/espressif__esp-dsp/modules/matrix/mulc/include -IC:/Users/Peter/.platformio/packages/framework-arduinoespressif32/tools/sdk/esp32/include/espressif__esp-dsp/modules/matrix/sub/include -IC:/Users/Peter/.platformio/packages/framework-arduinoespressif32/tools/sdk/esp32/include/espressif__esp-dsp/modules/matrix/include -IC:/Users/Peter/.platformio/packages/framework-arduinoespressif32/tools/sdk/esp32/include/espressif__esp-dsp/modules/fft/include -IC:/Users/Peter/.platformio/packages/framework-arduinoespressif32/tools/sdk/esp32/include/espressif__esp-dsp/modules/dct/include -IC:/Users/Peter/.platformio/packages/framework-arduinoespressif32/tools/sdk/esp32/include/espressif__esp-dsp/modules/conv/include -IC:/Users/Peter/.platformio/packages/framework-arduinoespressif32/tools/sdk/esp32/include/espressif__esp-dsp/modules/common/include -IC:/Users/Peter/.platformio/packages/framework-arduinoespressif32/tools/sdk/esp32/include/espressif__esp-dsp/modules/matrix/mul/test/include -IC:/Users/Peter/.platformio/packages/framework-arduinoespressif32/tools/sdk/esp32/include/espressif__esp-dsp/modules/kalman/ekf/include -IC:/Users/Peter/.platformio/packages/framework-arduinoespressif32/tools/sdk/esp32/include/espressif__esp-dsp/modules/kalman/ekf_imu13states/include -IC:/Users/Peter/.platformio/packages/framework-arduinoespressif32/tools/sdk/esp32/include/fb_gfx/include -IC:/Users/Peter/.platformio/packages/framework-arduinoespressif32/tools/sdk/esp32/dio_qspi/include -IC:/Users/Peter/.platformio/packages/framework-arduinoespressif32/cores/esp32 -IC:/Users/Peter/.platformio/packages/framework-arduinoespressif32/variants/doitESP32devkitV1 C:/Users/Peter/.platformio/packages/framework-arduinoespressif32/cores/esp32/main.cpp
xtensa-esp32-elf-g++ @C:\Users\Peter\Documents\PlatformIO\Projects\ALARM_RFM69HCW\.pio\build\esp32doit-devkit-v1\tmp_ye74wre.tmp
xtensa-esp32-elf-gcc-ar rc .pio\build\esp32doit-devkit-v1\libFrameworkArduino.a .pio\build\esp32doit-devkit-v1\FrameworkArduino\Esp.cpp.o .pio\build\esp32doit-devkit-v1\FrameworkArduino\FirmwareMSC.cpp.o .pio\build\esp32doit-devkit-v1\FrameworkArduino\FunctionalInterrupt.cpp.o .pio\build\esp32doit-devkit-v1\FrameworkArduino\HWCDC.cpp.o .pio\build\esp32doit-devkit-v1\FrameworkArduino\HardwareSerial.cpp.o .pio\build\esp32doit-devkit-v1\FrameworkArduino\IPAddress.cpp.o .pio\build\esp32doit-devkit-v1\FrameworkArduino\IPv6Address.cpp.o .pio\build\esp32doit-devkit-v1\FrameworkArduino\MD5Builder.cpp.o .pio\build\esp32doit-devkit-v1\FrameworkArduino\Print.cpp.o .pio\build\esp32doit-devkit-v1\FrameworkArduino\Stream.cpp.o .pio\build\esp32doit-devkit-v1\FrameworkArduino\StreamString.cpp.o .pio\build\esp32doit-devkit-v1\FrameworkArduino\Tone.cpp.o .pio\build\esp32doit-devkit-v1\FrameworkArduino\USB.cpp.o .pio\build\esp32doit-devkit-v1\FrameworkArduino\USBCDC.cpp.o .pio\build\esp32doit-devkit-v1\FrameworkArduino\USBMSC.cpp.o .pio\build\esp32doit-devkit-v1\FrameworkArduino\WMath.cpp.o .pio\build\esp32doit-devkit-v1\FrameworkArduino\WString.cpp.o .pio\build\esp32doit-devkit-v1\FrameworkArduino\base64.cpp.o .pio\build\esp32doit-devkit-v1\FrameworkArduino\cbuf.cpp.o .pio\build\esp32doit-devkit-v1\FrameworkArduino\esp32-hal-adc.c.o .pio\build\esp32doit-devkit-v1\FrameworkArduino\esp32-hal-bt.c.o .pio\build\esp32doit-devkit-v1\FrameworkArduino\esp32-hal-cpu.c.o .pio\build\esp32doit-devkit-v1\FrameworkArduino\esp32-hal-dac.c.o .pio\build\esp32doit-devkit-v1\FrameworkArduino\esp32-hal-gpio.c.o .pio\build\esp32doit-devkit-v1\FrameworkArduino\esp32-hal-i2c-slave.c.o .pio\build\esp32doit-devkit-v1\FrameworkArduino\esp32-hal-i2c.c.o .pio\build\esp32doit-devkit-v1\FrameworkArduino\esp32-hal-ledc.c.o .pio\build\esp32doit-devkit-v1\FrameworkArduino\esp32-hal-matrix.c.o .pio\build\esp32doit-devkit-v1\FrameworkArduino\esp32-hal-misc.c.o .pio\build\esp32doit-devkit-v1\FrameworkArduino\esp32-hal-psram.c.o .pio\build\esp32doit-devkit-v1\FrameworkArduino\esp32-hal-rgb-led.c.o .pio\build\esp32doit-devkit-v1\FrameworkArduino\esp32-hal-rmt.c.o .pio\build\esp32doit-devkit-v1\FrameworkArduino\esp32-hal-sigmadelta.c.o .pio\build\esp32doit-devkit-v1\FrameworkArduino\esp32-hal-spi.c.o .pio\build\esp32doit-devkit-v1\FrameworkArduino\esp32-hal-time.c.o .pio\build\esp32doit-devkit-v1\FrameworkArduino\esp32-hal-timer.c.o .pio\build\esp32doit-devkit-v1\FrameworkArduino\esp32-hal-tinyusb.c.o .pio\build\esp32doit-devkit-v1\FrameworkArduino\esp32-hal-touch.c.o .pio\build\esp32doit-devkit-v1\FrameworkArduino\esp32-hal-uart.c.o .pio\build\esp32doit-devkit-v1\FrameworkArduino\firmware_msc_fat.c.o .pio\build\esp32doit-devkit-v1\FrameworkArduino\libb64\cdecode.c.o .pio\build\esp32doit-devkit-v1\FrameworkArduino\libb64\cencode.c.o .pio\build\esp32doit-devkit-v1\FrameworkArduino\main.cpp.o .pio\build\esp32doit-devkit-v1\FrameworkArduino\stdlib_noniso.c.o .pio\build\esp32doit-devkit-v1\FrameworkArduino\wiring_pulse.c.o .pio\build\esp32doit-devkit-v1\FrameworkArduino\wiring_shift.c.o
xtensa-esp32-elf-g++ -o .pio\build\esp32doit-devkit-v1\firmware.elf -mlongcalls -Wno-frame-address -Wl,--cref -Wl,--gc-sections -fno-rtti -fno-lto -Wl,--wrap=esp_log_write -Wl,--wrap=esp_log_writev -Wl,--wrap=log_printf -Wl,--wrap=longjmp -Wl,--undefined=uxTopUsedPriority -T esp32.rom.redefined.ld -T memory.ld -T sections.ld -T esp32.rom.ld -T esp32.rom.api.ld -T esp32.rom.libgcc.ld -T esp32.rom.newlib-data.ld -T esp32.rom.syscalls.ld -T esp32.peripherals.ld -u ld_include_hli_vectors_bt -u _Z5setupv -u _Z4loopv -u esp_app_desc -u pthread_include_pthread_impl -u pthread_include_pthread_cond_var_impl -u pthread_include_pthread_local_storage_impl -u pthread_include_pthread_rwlock_impl -u include_esp_phy_override -u ld_include_highint_hdl -u start_app -u start_app_other_cores -u __ubsan_include -u __assert_func -u vfs_include_syscalls_impl -u app_main -u newlib_include_heap_impl -u newlib_include_syscalls_impl -u newlib_include_pthread_impl -u newlib_include_assert_impl -u __cxa_guard_dummy -Wl,-Map="C:\Users\Peter\Documents\PlatformIO\Projects\ALARM_RFM69HCW\.pio\build\esp32doit-devkit-v1\firmware.map" .pio\build\esp32doit-devkit-v1\src\main.cpp.o -L.pio\build\esp32doit-devkit-v1 -LC:\Users\Peter\.platformio\packages\framework-arduinoespressif32\tools\sdk\esp32\lib -LC:\Users\Peter\.platformio\packages\framework-arduinoespressif32\tools\sdk\esp32\ld -LC:\Users\Peter\.platformio\packages\framework-arduinoespressif32\tools\sdk\esp32\dio_qspi -Wl,--start-group .pio\build\esp32doit-devkit-v1\libfb4\libSPI.a .pio\build\esp32doit-devkit-v1\lib2d3\libRadioHead.a .pio\build\esp32doit-devkit-v1\libFrameworkArduino.a -lesp_ringbuf -lefuse -lesp_ipc -ldriver -lesp_pm -lmbedtls -lapp_update -lbootloader_support -lspi_flash -lnvs_flash -lpthread -lesp_gdbstub -lespcoredump -lesp_phy -lesp_system -lesp_rom -lhal -lvfs -lesp_eth -ltcpip_adapter -lesp_netif -lesp_event -lwpa_supplicant -lesp_wifi -lconsole -llwip -llog -lheap -lsoc -lesp_hw_support -lxtensa -lesp_common -lesp_timer -lfreertos -lnewlib -lcxx -lapp_trace -lasio -lbt -lcbor -lunity -lcmock -lcoap -lnghttp -lesp-tls -lesp_adc_cal -lesp_hid -ltcp_transport -lesp_http_client -lesp_http_server -lesp_https_ota -lesp_https_server -lesp_lcd -lprotobuf-c -lprotocomm -lmdns -lesp_local_ctrl -lsdmmc -lesp_serial_slave_link -lesp_websocket_client -lexpat -lwear_levelling -lfatfs -lfreemodbus -ljsmn -ljson -llibsodium -lmqtt -lopenssl -lperfmon -lspiffs -lulp -lwifi_provisioning -lrmaker_common -lesp_diagnostics -lrtc_store -lesp_insights -ljson_parser -ljson_generator -lesp_schedule -lespressif__esp_secure_cert_mgr -lesp_rainmaker -lgpio_button -lqrcode -lws2812_led -lesp32-camera -lesp_littlefs -lespressif__esp-dsp -lfb_gfx -lasio -lcmock -lunity -lcoap -lesp_lcd -lesp_websocket_client -lexpat -lfreemodbus -ljsmn -llibsodium -lperfmon -lesp_adc_cal -lesp_hid -lfatfs -lwear_levelling -lopenssl -lspiffs -lesp_insights -lcbor -lesp_diagnostics -lrtc_store -lesp_rainmaker -lesp_local_ctrl -lesp_https_server -lwifi_provisioning -lprotocomm -lbt -lbtdm_app -lprotobuf-c -lmdns -ljson -ljson_parser -ljson_generator -lesp_schedule -lespressif__esp_secure_cert_mgr -lqrcode -lrmaker_common -lmqtt -lcat_face_detect -lhuman_face_detect -lcolor_detect -lmfn -ldl -lesp_ringbuf -lefuse -lesp_ipc -ldriver -lesp_pm -lmbedtls -lapp_update -lbootloader_support -lspi_flash -lnvs_flash -lpthread -lesp_gdbstub -lespcoredump -lesp_phy -lesp_system -lesp_rom -lhal -lvfs -lesp_eth -ltcpip_adapter -lesp_netif -lesp_event -lwpa_supplicant -lesp_wifi -lconsole -llwip -llog -lheap -lsoc -lesp_hw_support -lxtensa -lesp_common -lesp_timer -lfreertos -lnewlib -lcxx -lapp_trace -lnghttp -lesp-tls -ltcp_transport -lesp_http_client -lesp_http_server -lesp_https_ota -lsdmmc -lesp_serial_slave_link -lulp -lmbedtls_2 -lmbedcrypto -lmbedx509 -lcoexist -lcore -lespnow -lmesh -lnet80211 -lpp -lsmartconfig -lwapi -lesp_ringbuf -lefuse -lesp_ipc -ldriver -lesp_pm -lmbedtls -lapp_update -lbootloader_support -lspi_flash -lnvs_flash -lpthread -lesp_gdbstub -lespcoredump -lesp_phy -lesp_system -lesp_rom -lhal -lvfs -lesp_eth -ltcpip_adapter -lesp_netif -lesp_event -lwpa_supplicant -lesp_wifi -lconsole -llwip -llog -lheap -lsoc -lesp_hw_support -lxtensa -lesp_common -lesp_timer -lfreertos -lnewlib -lcxx -lapp_trace -lnghttp -lesp-tls -ltcp_transport -lesp_http_client -lesp_http_server -lesp_https_ota -lsdmmc -lesp_serial_slave_link -lulp -lmbedtls_2 -lmbedcrypto -lmbedx509 -lcoexist -lcore -lespnow -lmesh -lnet80211 -lpp -lsmartconfig -lwapi -lesp_ringbuf -lefuse -lesp_ipc -ldriver -lesp_pm -lmbedtls -lapp_update -lbootloader_support -lspi_flash -lnvs_flash -lpthread -lesp_gdbstub -lespcoredump -lesp_phy -lesp_system -lesp_rom -lhal -lvfs -lesp_eth -ltcpip_adapter -lesp_netif -lesp_event -lwpa_supplicant -lesp_wifi -lconsole -llwip -llog -lheap -lsoc -lesp_hw_support -lxtensa -lesp_common -lesp_timer -lfreertos -lnewlib -lcxx -lapp_trace -lnghttp -lesp-tls -ltcp_transport -lesp_http_client -lesp_http_server -lesp_https_ota -lsdmmc -lesp_serial_slave_link -lulp -lmbedtls_2 -lmbedcrypto -lmbedx509 -lcoexist -lcore -lespnow -lmesh -lnet80211 -lpp -lsmartconfig -lwapi -lesp_ringbuf -lefuse -lesp_ipc -ldriver -lesp_pm -lmbedtls -lapp_update -lbootloader_support -lspi_flash -lnvs_flash -lpthread -lesp_gdbstub -lespcoredump -lesp_phy -lesp_system -lesp_rom -lhal -lvfs -lesp_eth -ltcpip_adapter -lesp_netif -lesp_event -lwpa_supplicant -lesp_wifi -lconsole -llwip -llog -lheap -lsoc -lesp_hw_support -lxtensa -lesp_common -lesp_timer -lfreertos -lnewlib -lcxx -lapp_trace -lnghttp -lesp-tls -ltcp_transport -lesp_http_client -lesp_http_server -lesp_https_ota -lsdmmc -lesp_serial_slave_link -lulp -lmbedtls_2 -lmbedcrypto -lmbedx509 -lcoexist -lcore -lespnow -lmesh -lnet80211 -lpp -lsmartconfig -lwapi -lesp_ringbuf -lefuse -lesp_ipc -ldriver -lesp_pm -lmbedtls -lapp_update -lbootloader_support -lspi_flash -lnvs_flash -lpthread -lesp_gdbstub -lespcoredump -lesp_phy -lesp_system -lesp_rom -lhal -lvfs -lesp_eth -ltcpip_adapter -lesp_netif -lesp_event -lwpa_supplicant -lesp_wifi -lconsole -llwip -llog -lheap -lsoc -lesp_hw_support -lxtensa -lesp_common -lesp_timer -lfreertos -lnewlib -lcxx -lapp_trace -lnghttp -lesp-tls -ltcp_transport -lesp_http_client -lesp_http_server -lesp_https_ota -lsdmmc -lesp_serial_slave_link -lulp -lmbedtls_2 -lmbedcrypto -lmbedx509 -lcoexist -lcore -lespnow -lmesh -lnet80211 -lpp -lsmartconfig -lwapi -lphy -lrtc -lesp_phy -lphy -lrtc -lesp_phy -lphy -lrtc -lxt_hal -lc -lm -lnewlib -lstdc++ -lpthread -lgcc -lcxx -Wl,--end-group
<lambda>(["checkprogsize"], [".pio\build\esp32doit-devkit-v1\firmware.elf"])
MethodWrapper(["checkprogsize"], [".pio\build\esp32doit-devkit-v1\firmware.elf"])
Advanced Memory Usage is available via "PlatformIO Home > Project Inspect"
RAM:   [=         ]   6.8% (used 22308 bytes from 327680 bytes)
Flash: [==        ]  21.6% (used 282537 bytes from 1310720 bytes)
.pio\build\esp32doit-devkit-v1\firmware.elf  :

section                                                                                size         addr

.rtc.text                                                                                 0   1074528256

.rtc.dummy                                                                                0   1073217536

.rtc.force_fast                                                                           0   1073217536

.rtc_noinit                                                                              16   1342177792

.rtc.force_slow                                                                           0   1342177808

.iram0.vectors                                                                         1027   1074266112

.iram0.text                                                                           57663   1074267140

.dram0.data                                                                           16724   1073470304

.ext_ram_noinit                                                                           0   1065353216

.noinit                                                                                   0   1073487028

.ext_ram.bss                                                                              0   1065353216

.dram0.bss                                                                             5584   1073487032

.flash.appdesc                                                                          256   1061158944

.flash.rodata                                                                         57804   1061159200

.flash.rodata_noload                                                                      0   1061217004

.flash.text                                                                          149319   1074593824

.iram0.text_end                                                                           1   1074324803

.iram0.data                                                                               0   1074324804

.iram0.bss                                                                                0   1074324804

.dram0.heap_start                                                                         0   1073492616

.xt.prop                                                                             167544            0

.xt.lit                                                                                5016            0

.xtensa.info                                                                             56            0

.comment                                                                                166            0

.xt.prop._ZTV15RHGenericDriver                                                           12            0

.xt.prop._ZTV13RHHardwareSPI                                                             12            0

.xt.lit._ZN7RH_RF69D5Ev                                                                   0            0

.xt.prop._ZN7RH_RF69D5Ev                                                                  0            0

.xt.prop._ZN7RH_RF69D2Ev                                                                 36            0

.xt.prop._ZN7RH_RF69D0Ev                                                                 36            0

.xt.prop._ZTV7RH_RF69                                                                    12            0

.xt.prop._ZN12RHGenericSPI15attachInterruptEv                                            36            0

.xt.prop._ZN12RHGenericSPI15detachInterruptEv                                            36            0

.xt.prop._ZN12RHGenericSPI16beginTransactionEv                                           36            0

.xt.prop._ZN12RHGenericSPI14endTransactionEv                                             36            0

.xt.prop._ZN12RHGenericSPI14usingInterruptEh                                             36            0

.xt.prop._ZTV12RHGenericSPI                                                              12            0

.xt.prop._ZTV11RHSPIDriver                                                               12            0

.xt.prop._ZN14HardwareSerial9readBytesEPcj                                               36            0

.xt.prop._ZNSt14_Function_baseD2Ev                                                       36            0

.xt.prop._ZTV14HardwareSerial                                                            12            0

.xt.lit._ZN5Print5writeEPKc                                                               0            0

.xt.prop._ZN5Print5writeEPKc                                                             48            0

.xt.lit._ZN6String4initEv                                                                 0            0

.xt.prop._ZN6String4initEv                                                               36            0

.xt.prop._ZNK6String3lenEv                                                               60            0

.xt.prop._ZN6String6setLenEi                                                             72            0

.xt.lit._ZN3nvs4Lock4initEv                                                               0            0

.xt.prop._ZN3nvs4Lock4initEv                                                             72            0

.xt.lit._ZN14intrusive_listIN3nvs7Storage14NamespaceEntryEE17clearAndFreeNodesEv          0            0

.xt.prop._ZN14intrusive_listIN3nvs7Storage14NamespaceEntryEE17clearAndFreeNodesEv       108            0

.xt.prop._ZN14intrusive_listIN3nvs7Storage14NamespaceEntryEE9push_backEPS2_              60            0

.xt.lit._ZN3nvs12NVSPartitionD5Ev                                                         0            0

.xt.prop._ZN3nvs12NVSPartitionD5Ev                                                        0            0

.xt.prop._ZN3nvs12NVSPartitionD2Ev                                                       36            0

.xt.prop._ZN3nvs12NVSPartitionD0Ev                                                       36            0

.xt.prop._ZTVN3nvs12NVSPartitionE                                                        12            0

.xt.lit._ZN3nvs19NVSPartitionManagerD5Ev                                                  0            0

.xt.prop._ZN3nvs19NVSPartitionManagerD5Ev                                                 0            0

.xt.prop._ZN3nvs19NVSPartitionManagerD2Ev                                                36            0

.xt.prop._ZN3nvs19NVSPartitionManagerD0Ev                                                36            0

.xt.prop._ZN14intrusive_listIN3nvs12NVSPartitionEE5eraseENS2_8iteratorE                  84            0

.xt.prop._ZTVN3nvs19NVSPartitionManagerE                                                 12            0

.xt.prop._ZN14intrusive_listIN3nvs8HashList13HashListBlockEE5eraseENS3_8iteratorE        84            0

.xt.lit._ZN3nvs4ItemC5EhNS_8ItemTypeEhPKch                                                0            0

.xt.prop._ZN3nvs4ItemC5EhNS_8ItemTypeEhPKch                                               0            0

.xt.prop._ZN3nvs20isVariableLengthTypeENS_8ItemTypeE                                     48            0

.xt.prop._ZN3nvs4ItemC2EhNS_8ItemTypeEhPKch                                              60            0

.xt.prop._ZNK19CompressedEnumTableIN3nvs4Page10EntryStateELj2ELj126EE3getEjPS2_          48            0

.xt.lit._ZN14intrusive_listIN3nvs4PageEE5clearEv                                          0            0

.xt.prop._ZN14intrusive_listIN3nvs4PageEE5clearEv                                        60            0

.xt.prop._ZN14intrusive_listIN3nvs4PageEE9push_backEPS1_                                 60            0

.xt.prop._ZN14intrusive_listIN3nvs4PageEE5eraseENS2_8iteratorE                           84            0

.xt.prop._ZTISt9exception                                                                12            0

.xt.prop._ZTISt9bad_alloc                                                                12            0

.xt.prop._ZTVN10__cxxabiv120__si_class_type_infoE                                        12            0

.xt.prop._ZTISt17bad_function_call                                                       12            0

.xt.prop._ZTVSt17bad_function_call                                                       12            0

.xt.prop._ZTVN10__cxxabiv117__class_type_infoE                                           12            0

.xt.lit._ZNK9__gnu_cxx24__concurrence_lock_error4whatEv                                   8            0

.xt.lit._ZNK9__gnu_cxx26__concurrence_unlock_error4whatEv                                 8            0

.xt.lit._ZN9__gnu_cxx24__concurrence_lock_errorD5Ev                                       8            0

.xt.lit._ZN9__gnu_cxx26__concurrence_unlock_errorD5Ev                                     8            0

.xt.lit._ZN9__gnu_cxx7__mutex4lockEv                                                      8            0

.xt.lit._ZN9__gnu_cxx13__scoped_lockD5Ev                                                  8            0

.xt.prop._ZNK9__gnu_cxx24__concurrence_lock_error4whatEv                                 48            0

.xt.prop._ZNK9__gnu_cxx26__concurrence_unlock_error4whatEv                               48            0

.xt.prop._ZN9__gnu_cxx24__concurrence_lock_errorD5Ev                                     12            0

.xt.prop._ZN9__gnu_cxx26__concurrence_unlock_errorD5Ev                                   12            0

.xt.prop._ZN9__gnu_cxx7__mutex4lockEv                                                    48            0

.xt.prop._ZN9__gnu_cxx13__scoped_lockD5Ev                                                12            0

.xt.prop._ZN9__gnu_cxx24__concurrence_lock_errorD2Ev                                     36            0

.xt.prop._ZN9__gnu_cxx26__concurrence_unlock_errorD2Ev                                   36            0

.xt.prop._ZN9__gnu_cxx24__concurrence_lock_errorD0Ev                                     36            0

.xt.prop._ZN9__gnu_cxx26__concurrence_unlock_errorD0Ev                                   36            0

.xt.prop._ZN9__gnu_cxx13__scoped_lockD2Ev                                                72            0

.xt.prop._ZTIN9__gnu_cxx24__concurrence_lock_errorE                                      12            0

.xt.prop._ZTIN9__gnu_cxx26__concurrence_unlock_errorE                                    12            0

.xt.prop._ZTVN9__gnu_cxx24__concurrence_lock_errorE                                      12            0

.xt.prop._ZTVN9__gnu_cxx26__concurrence_unlock_errorE                                    12            0

.debug_frame                                                                          68896            0

.debug_info                                                                         3393800            0

.debug_abbrev                                                                        288670            0

.debug_loc                                                                           489932            0

.debug_aranges                                                                        27432            0

.debug_ranges                                                                         69032            0

.debug_line                                                                         1284090            0

.debug_str                                                                           268737            0

Total                                                                               6353877
"C:\Users\Peter\.platformio\penv\Scripts\python.exe" "C:\Users\Peter\.platformio\packages\tool-esptoolpy\esptool.py" --chip esp32 elf2image --flash_mode dio --flash_freq 40m --flash_size 4MB --elf-sha256-offset 0xb0 -o .pio\build\esp32doit-devkit-v1\firmware.bin .pio\build\esp32doit-devkit-v1\firmware.elf
esptool.py v4.5.1
Creating esp32 image...
Merged 2 ELF sections
Successfully created esp32 image.
========================= [SUCCESS] Took 9.11 seconds =========================
